
> freedom-browser@0.8.7-dev test
> npm run test:unit -- --runInBand --runTestsByPath src/main/networks/private-rpc-transport.test.js --testNamePattern new constrained client refuses registry replacement


> freedom-browser@0.8.7-dev test:unit
> jest --runInBand --runTestsByPath src/main/networks/private-rpc-transport.test.js --testNamePattern new constrained client refuses registry replacement

FAIL src/main/networks/private-rpc-transport.test.js
  ● new constrained client refuses registry replacement https://rpc.example.test/unreviewed/path before any connection

    expect(received).toThrow(expected)

    Expected asymmetric matcher: ObjectContaining {"code": "PRIVATE_RPC_DESTINATION_REFUSED"}

    Received function did not throw

      245 |     const grant = restrict();
      246 |     mockUrl = url;
    > 247 |     expect(() => derive(grant)).toThrow(
          |                                 ^
      248 |       expect.objectContaining({ code: 'PRIVATE_RPC_DESTINATION_REFUSED' })
      249 |     );
      250 |     expect(mockFactory).not.toHaveBeenCalled();

      at src/main/networks/private-rpc-transport.test.js:247:33

  ● new constrained client refuses registry replacement https://other.example.test/reviewed/path before any connection

    expect(received).toThrow(expected)

    Expected asymmetric matcher: ObjectContaining {"code": "PRIVATE_RPC_DESTINATION_REFUSED"}

    Received function did not throw

      245 |     const grant = restrict();
      246 |     mockUrl = url;
    > 247 |     expect(() => derive(grant)).toThrow(
          |                                 ^
      248 |       expect.objectContaining({ code: 'PRIVATE_RPC_DESTINATION_REFUSED' })
      249 |     );
      250 |     expect(mockFactory).not.toHaveBeenCalled();

      at src/main/networks/private-rpc-transport.test.js:247:33

Test Suites: 1 failed, 1 total
Tests:       2 failed, 8 skipped, 10 total
Snapshots:   0 total
Time:        0.199 s, estimated 1 s
Ran all test suites within paths "src/main/networks/private-rpc-transport.test.js".
