
> freedom-browser@0.8.7-dev test
> npm run test:unit -- --runInBand --runTestsByPath src/main/networks/private-rpc-transport.test.js --testNamePattern constraint revocation cancels


> freedom-browser@0.8.7-dev test:unit
> jest --runInBand --runTestsByPath src/main/networks/private-rpc-transport.test.js --testNamePattern constraint revocation cancels

FAIL src/main/networks/private-rpc-transport.test.js
  ● constraint revocation cancels two occupied and six real Agent queued RPCs

    RPC_REVOCATION_DID_NOT_DRAIN

      41 |       promise,
      42 |       new Promise((_, reject) => {
    > 43 |         timer = setTimeout(() => reject(Error(label)), milliseconds);
         |                                         ^
      44 |       }),
      45 |     ]);
      46 |   } finally {

      at Timeout.<anonymous> (src/main/networks/private-rpc-transport.test.js:43:41)

Test Suites: 1 failed, 1 total
Tests:       1 failed, 9 skipped, 10 total
Snapshots:   0 total
Time:        1.73 s
Ran all test suites within paths "src/main/networks/private-rpc-transport.test.js".
