
> freedom-browser@0.8.7-dev test
> npm run test:unit -- --runInBand --runTestsByPath src/main/networks/private-rpc-transport.test.js --testNamePattern genuine reviewed path crosses


> freedom-browser@0.8.7-dev test:unit
> jest --runInBand --runTestsByPath src/main/networks/private-rpc-transport.test.js --testNamePattern genuine reviewed path crosses

FAIL src/main/networks/private-rpc-transport.test.js
  ● genuine reviewed path crosses SOCKS and verified TLS with one hidden chain check

    Private HTTP request failed

      12 |
      13 | function privacyError(code, message) {
    > 14 |   return Object.assign(new Error(message), { code });
         |                        ^
      15 | }
      16 |
      17 | function requiredString(value, field) {

      at privacyError (src/main/networks/privacy-context.js:14:24)
      at failure (src/main/networks/wallet-tor-transport.js:290:11)
      at ClientRequest.<anonymous> (src/main/networks/wallet-tor-transport.js:415:38)

Test Suites: 1 failed, 1 total
Tests:       1 failed, 9 skipped, 10 total
Snapshots:   0 total
Time:        0.154 s, estimated 1 s
Ran all test suites within paths "src/main/networks/private-rpc-transport.test.js".
